sat 0.62871 0.188144
